// Jest Snapshot v1, https://goo.gl/fbAQLP

exports[`renders without crashing 1`] = `
<div
  className="Friend"
>
  <div>
    <h1>
      testName
    </h1>
    <p
      className="Friend__Tags"
    >
      Tags:
      <span
        className="Friend__Tag"
      >
        testTag
      </span>
    </p>
    <div
      className="Friend__Info"
    >
      <h4>
        Donations:
      </h4>
      <p>
        <label>
          Pledged to donate?
        </label>
        <input
          className="Friend__formField"
          type="checkbox"
        />
      </p>
      <p>
        <label>
          Amount pledged:
        </label>
        <span>
          $
        </span>
        <input
          className="Friend__formField"
          placeholder=""
          type="text"
        />
      </p>
    </div>
  </div>
  <div
    className="Friend__X"
    onClick={[Function]}
  >
    X
  </div>
</div>
`;
