// Jest Snapshot v1, https://goo.gl/fbAQLP

exports[`FriendsList renders the happy path 1`] = `
<div
  className="FriendsList"
>
  <div
    className="LeftColumn"
  >
    <img
      alt="socialjusticefund.org"
      height="270"
      src="sjf.png"
      width="214"
    />
    <div
      className="AddFriendForm"
    >
      <form
        onSubmit={[Function]}
      >
        <h3>
          Add New Friend
        </h3>
        <div
          className="AddFriendForm__FormGroup"
        >
          <label>
            Name
          </label>
          <input
            className="AddFriendForm__Input"
            name="friendName"
            onChange={[Function]}
            type="text"
            value=""
          />
        </div>
        <div
          className="AddFriendForm__FormGroup"
        >
          <label>
            They're passionate about:
          </label>
          <input
            className="AddFriendForm__Input"
            name="friendTag"
            onChange={[Function]}
            type="text"
            value=""
          />
        </div>
        <input
          className="AddFriendForm__Submit"
          type="submit"
        />
      </form>
      <div
        className="AddFriendForm__PreviousTags"
      >
        <h4>
          Previous tags:
        </h4>
        <ul>
          <li>
            social justice
          </li>
        </ul>
      </div>
    </div>
  </div>
  <div
    className="RightColumn"
  >
    <h2>
      Ask Friends to Donate
    </h2>
    <div>
      Friend
    </div>
  </div>
</div>
`;
